------------------------------------------------------------
TimeQuest Timing Analyzer Summary
------------------------------------------------------------

Type  : Slow Model Setup 'clk'
Slack : -4.472
TNS   : -508.801

Type  : Slow Model Setup 'enable'
Slack : 0.472
TNS   : 0.000

Type  : Slow Model Hold 'enable'
Slack : -1.267
TNS   : -2.530

Type  : Slow Model Hold 'clk'
Slack : 0.270
TNS   : 0.000

Type  : Slow Model Recovery 'clk'
Slack : -3.569
TNS   : -270.254

Type  : Slow Model Removal 'clk'
Slack : 0.005
TNS   : 0.000

Type  : Slow Model Minimum Pulse Width 'clk'
Slack : -1.380
TNS   : -160.380

Type  : Slow Model Minimum Pulse Width 'enable'
Slack : -1.380
TNS   : -1.380

Type  : Fast Model Setup 'clk'
Slack : -1.508
TNS   : -144.802

Type  : Fast Model Setup 'enable'
Slack : 0.559
TNS   : 0.000

Type  : Fast Model Hold 'enable'
Slack : -0.310
TNS   : -0.618

Type  : Fast Model Hold 'clk'
Slack : -0.052
TNS   : -0.052

Type  : Fast Model Recovery 'clk'
Slack : -1.209
TNS   : -76.609

Type  : Fast Model Removal 'clk'
Slack : -0.058
TNS   : -0.058

Type  : Fast Model Minimum Pulse Width 'clk'
Slack : -1.380
TNS   : -160.380

Type  : Fast Model Minimum Pulse Width 'enable'
Slack : -1.380
TNS   : -1.380

------------------------------------------------------------
